#-----------------------------------------------------------
# Vivado v2020.1 (64-bit)
# SW Build 2902540 on Wed May 27 19:54:49 MDT 2020
# IP Build 2902112 on Wed May 27 22:43:36 MDT 2020
# Start of session at: Mon Oct 26 17:04:48 2020
# Process ID: 5468
# Current directory: D:/OneDrive/Documentos/Universidad/LCSE/entregas/LCSE_PROJ
# Command line: vivado.exe -gui_launcher_event rodinguilauncherevent11644 D:\OneDrive\Documentos\Universidad\LCSE\entregas\LCSE_PROJ\LSCE_EXP.xpr
# Log file: D:/OneDrive/Documentos/Universidad/LCSE/entregas/LCSE_PROJ/vivado.log
# Journal file: D:/OneDrive/Documentos/Universidad/LCSE/entregas/LCSE_PROJ\vivado.jou
#-----------------------------------------------------------
start_gui
open_project D:/OneDrive/Documentos/Universidad/LCSE/entregas/LCSE_PROJ/LSCE_EXP.xpr
update_compile_order -fileset sources_1
launch_simulation
launch_simulation
launch_simulation
launch_simulation
launch_simulation
launch_simulation
reset_simulation
launch_simulation
open_wave_config D:/OneDrive/Documentos/Universidad/LCSE/entregas/LCSE_PROJ/src/sim/tb_DMA2_behav.wcfg
