#-----------------------------------------------------------
# Vivado v2020.1 (64-bit)
# SW Build 2902540 on Wed May 27 19:54:49 MDT 2020
# IP Build 2902112 on Wed May 27 22:43:36 MDT 2020
# Start of session at: Fri Oct 16 16:59:07 2020
# Process ID: 27072
# Current directory: D:/OneDrive/Documentos/Universidad/LCSE/entregas/RS232
# Command line: vivado.exe -gui_launcher_event rodinguilauncherevent22776 D:\OneDrive\Documentos\Universidad\LCSE\entregas\RS232\RS232.xpr
# Log file: D:/OneDrive/Documentos/Universidad/LCSE/entregas/RS232/vivado.log
# Journal file: D:/OneDrive/Documentos/Universidad/LCSE/entregas/RS232\vivado.jou
#-----------------------------------------------------------
start_gui
open_project D:/OneDrive/Documentos/Universidad/LCSE/entregas/RS232/RS232.xpr
update_compile_order -fileset sources_1
launch_simulation
add_files -norecurse D:/OneDrive/Documentos/Universidad/LCSE/entregas/RS232/src/LCSE_P1.vhd
update_compile_order -fileset sources_1
launch_simulation
source RS232top_TB.tcl
run 300 ns
run 300 ns
run 300 ns
run 300 ns
run 300 ns
run 300 ns
run 300 ns
run 300 ns
run 300 ns
run 300 ns
run 300 ns
run 300 ns
run 300 ns
run 300 ns
run 300 ns
run 300 ns
run 300 ns
run 300 ns
run 300 ns
run 300 ns
run 300 ns
run 300 ns
run 300 ns
run 300 ns
run 300 ns
run 300 ns
run 300 ns
run 300 ns
run 300 ns
run 300 ns
run 300 ns
run 300 ns
run 300 ns
run 300 ns
run 300 ns
run 300 ns
run 300 ns
run 300 ns
run 300 ns
run 300 ns
run 300 ns
run 300 ns
run 300 ns
run 300 ns
run 300 ns
run 300 ns
run 300 ns
run 300 ns
run 300 ns
run 300 ns
run 300 ns
run all
restart
run 1000 ns
run 1000 ns
run 1000 ns
run 1000 ns
run 1000 ns
run 1000 ns
run 1000 ns
run 1000 ns
run 1000 ns
run 1000 ns
run 1000 ns
run 1000 ns
run 1000 ns
run 1000 ns
run 1000 ns
run 1000 ns
run 1000 ns
run 1000 ns
run all
